
Running 3 tests using 3 workers

[1A[2K[1/3] [chromium] ÔÇ║ tests\dnd.spec.ts:134:5 ÔÇ║ Drag and Drop & Resize ÔÇ║ should resize task from top
[1A[2K[2/3] [chromium] ÔÇ║ tests\dnd.spec.ts:103:5 ÔÇ║ Drag and Drop & Resize ÔÇ║ should resize task from bottom
[1A[2K[3/3] [chromium] ÔÇ║ tests\dnd.spec.ts:65:5 ÔÇ║ Drag and Drop & Resize ÔÇ║ should drag task to a new time
[1A[2K  1) [chromium] ÔÇ║ tests\dnd.spec.ts:103:5 ÔÇ║ Drag and Drop & Resize ÔÇ║ should resize task from bottom 

    Error: [2mexpect([22m[31mlocator[39m[2m).[22mtoBeVisible[2m([22m[2m)[22m failed

    Locator: locator('.task-wrapper-absolute')
    Expected: visible
    Timeout: 10000ms
    Error: element(s) not found

    Call log:
    [2m  - Expect "toBeVisible" with timeout 10000ms[22m
    [2m  - waiting for locator('.task-wrapper-absolute')[22m


      60 |
      61 |         // Wait for task element to be visible
    > 62 |         await expect(page.locator('.task-wrapper-absolute')).toBeVisible({ timeout: 10000 });
         |                                                              ^
      63 |     });
      64 |
      65 |     test('should drag task to a new time', async ({ page }) => {
        at D:\projects\TaskTracker\tests\dnd.spec.ts:62:62

    Error Context: test-results\dnd-Drag-and-Drop-Resize-should-resize-task-from-bottom-chromium\error-context.md


[1A[2K  2) [chromium] ÔÇ║ tests\dnd.spec.ts:134:5 ÔÇ║ Drag and Drop & Resize ÔÇ║ should resize task from top ÔöÇÔöÇÔöÇ

    Error: [2mexpect([22m[31mlocator[39m[2m).[22mtoBeVisible[2m([22m[2m)[22m failed

    Locator: locator('.task-wrapper-absolute')
    Expected: visible
    Timeout: 10000ms
    Error: element(s) not found

    Call log:
    [2m  - Expect "toBeVisible" with timeout 10000ms[22m
    [2m  - waiting for locator('.task-wrapper-absolute')[22m


      60 |
      61 |         // Wait for task element to be visible
    > 62 |         await expect(page.locator('.task-wrapper-absolute')).toBeVisible({ timeout: 10000 });
         |                                                              ^
      63 |     });
      64 |
      65 |     test('should drag task to a new time', async ({ page }) => {
        at D:\projects\TaskTracker\tests\dnd.spec.ts:62:62

    Error Context: test-results\dnd-Drag-and-Drop-Resize-should-resize-task-from-top-chromium\error-context.md


[1A[2K  3) [chromium] ÔÇ║ tests\dnd.spec.ts:65:5 ÔÇ║ Drag and Drop & Resize ÔÇ║ should drag task to a new time ÔöÇ

    Error: [2mexpect([22m[31mlocator[39m[2m).[22mtoBeVisible[2m([22m[2m)[22m failed

    Locator: locator('.task-wrapper-absolute')
    Expected: visible
    Timeout: 10000ms
    Error: element(s) not found

    Call log:
    [2m  - Expect "toBeVisible" with timeout 10000ms[22m
    [2m  - waiting for locator('.task-wrapper-absolute')[22m


      60 |
      61 |         // Wait for task element to be visible
    > 62 |         await expect(page.locator('.task-wrapper-absolute')).toBeVisible({ timeout: 10000 });
         |                                                              ^
      63 |     });
      64 |
      65 |     test('should drag task to a new time', async ({ page }) => {
        at D:\projects\TaskTracker\tests\dnd.spec.ts:62:62

    Error Context: test-results\dnd-Drag-and-Drop-Resize-should-drag-task-to-a-new-time-chromium\error-context.md


[1A[2K  3 failed
    [chromium] ÔÇ║ tests\dnd.spec.ts:65:5 ÔÇ║ Drag and Drop & Resize ÔÇ║ should drag task to a new time ÔöÇÔöÇ
    [chromium] ÔÇ║ tests\dnd.spec.ts:103:5 ÔÇ║ Drag and Drop & Resize ÔÇ║ should resize task from bottom ÔöÇ
    [chromium] ÔÇ║ tests\dnd.spec.ts:134:5 ÔÇ║ Drag and Drop & Resize ÔÇ║ should resize task from top ÔöÇÔöÇÔöÇÔöÇ

[36m  Serving HTML report at http://localhost:2899. Press Ctrl+C to quit.[39m
